
> frontend@0.0.0 build
> vite build

[36mvite v8.0.3 [32mbuilding client environment for production...[36m[39m
[2K
transforming...Γ£ô 1998 modules transformed.
rendering chunks...
computing gzip size...
dist/manifest.webmanifest                            0.52 kB
dist/index.html                                      1.27 kB Γöé gzip:   0.60 kB
dist/assets/index-CsG7Q7Xr.css                     148.67 kB Γöé gzip:  24.82 kB
dist/assets/workbox-window.prod.es5-Bq4GJJid.js      5.74 kB Γöé gzip:   2.25 kB
dist/assets/index-CIU33CcO.js                    2,098.97 kB Γöé gzip: 620.11 kB

npm : [33m[plugin builtin:vite-reporter] 
En línea: 1 Carácter: 1
+ npm run build > build_output.txt 2>&1
+ ~~~~~~~~~~~~~~~~~~~~~~~~~~~~~~~~~~~~~
    + CategoryInfo          : NotSpecified: ([33m[ 
   plugin builtin:vite-reporter] :String) [], Remo  
  teException
    + FullyQualifiedErrorId : NativeCommandError
 
(!) Some chunks are larger than 500 kB after 
minification. Consider:
- Using dynamic import() to code-split the 
application
- Use build.rolldownOptions.output.codeSplitting to 
improve chunking: https://rolldown.rs/reference/Outp
utOptions.codeSplitting
- Adjust chunk size limit for this warning via 
build.chunkSizeWarningLimit.[39m
[31mΓ£ù[39m Build failed in 4.91s

PWA v1.2.0
mode      generateSW
precache  7 entries (2201.82 KiB)
files generated
  dist/sw.js
  dist/workbox-8c29f6e4.js
[31merror during build:
[31mBuild failed with 1 error:

Error: [vite]: Rolldown failed to resolve import 
"@simplewebauthn/browser" from "C:/Users/Admin/Deskt
op/bagfm/frontend/src/store/auth.store.js".
This is most likely unintended because it can break 
your application at runtime.
If you do want to externalize this module 
explicitly add it to
`build.rollupOptions.external`
    at viteLog (file:///C:/Users/Admin/Desktop/bagfm
/frontend/node_modules/vite/dist/node/chunks/node.js
:32942:57)
    at file:///C:/Users/Admin/Desktop/bagfm/frontend
/node_modules/vite/dist/node/chunks/node.js:32978:71
    at onwarn (file:///C:/Users/Admin/Desktop/bagfm/
frontend/node_modules/@vitejs/plugin-react/dist/inde
x.js:40:7)
    at file:///C:/Users/Admin/Desktop/bagfm/frontend
/node_modules/vite/dist/node/chunks/node.js:32978:28
    at onRollupLog (file:///C:/Users/Admin/Desktop/b
agfm/frontend/node_modules/vite/dist/node/chunks/nod
e.js:32973:63)
    at onLog (file:///C:/Users/Admin/Desktop/bagfm/f
rontend/node_modules/vite/dist/node/chunks/node.js:3
2743:4)
    at file:///C:/Users/Admin/Desktop/bagfm/frontend
/node_modules/rolldown/dist/shared/rolldown-build-CP
rIX9V6.mjs:49:26
    at logger (file:///C:/Users/Admin/Desktop/bagfm/
frontend/node_modules/rolldown/dist/shared/rolldown-
build-CPrIX9V6.mjs:40:3)
    at onLog (file:///C:/Users/Admin/Desktop/bagfm/f
rontend/node_modules/rolldown/dist/shared/bindingify
-input-options-e7ze4hPR.mjs:1972:32)[31m
    at aggregateBindingErrorsIntoJsError (file:///C:
/Users/Admin/Desktop/bagfm/frontend/node_modules/rol
ldown/dist/shared/error-BLhcSyeg.mjs:48:18)
    at unwrapBindingResult (file:///C:/Users/Admin/D
esktop/bagfm/frontend/node_modules/rolldown/dist/sha
red/error-BLhcSyeg.mjs:18:128)
    at #build (file:///C:/Users/Admin/Desktop/bagfm/
frontend/node_modules/rolldown/dist/shared/rolldown-
build-CPrIX9V6.mjs:3313:34)
    at async buildEnvironment (file:///C:/Users/Admi
n/Desktop/bagfm/frontend/node_modules/vite/dist/node
/chunks/node.js:32849:64)
    at async Object.build (file:///C:/Users/Admin/De
sktop/bagfm/frontend/node_modules/vite/dist/node/chu
nks/node.js:33271:19)
    at async Object.buildApp (file:///C:/Users/Admin
/Desktop/bagfm/frontend/node_modules/vite/dist/node/
chunks/node.js:33268:153)
    at async CAC.<anonymous> (file:///C:/Users/Admin
/Desktop/bagfm/frontend/node_modules/vite/dist/node/
cli.js:778:3) {
  errors: [Getter/Setter]
}[39m
